2026-02-06 08:58:13 [main] ERROR com.revpay.repository.DBConnection - Database connection failed: Access denied for user 'root'@'localhost' (using password: YES)
2026-02-06 08:59:51 [main] ERROR com.revpay.repository.DBConnection - Database connection failed: Access denied for user 'root'@'localhost' (using password: YES)
2026-02-06 10:01:25 [main] INFO  com.revpay.repository.DBConnection - Database connected successfully.
2026-02-06 10:01:25 [main] ERROR com.revpay.repository.UserRepository - Error finding user by identifier: Table 'revpay_db.users' doesn't exist
2026-02-06 10:01:25 [main] INFO  com.revpay.repository.DBConnection - Database connected successfully.
2026-02-06 10:01:25 [main] ERROR com.revpay.repository.UserRepository - Error finding user by identifier: Table 'revpay_db.users' doesn't exist
2026-02-06 10:01:25 [main] INFO  com.revpay.repository.DBConnection - Database connected successfully.
2026-02-06 10:01:25 [main] ERROR com.revpay.repository.UserRepository - Error finding user by identifier: Table 'revpay_db.users' doesn't exist
2026-02-06 10:01:25 [main] INFO  com.revpay.repository.DBConnection - Database connected successfully.
2026-02-06 10:01:25 [main] ERROR com.revpay.repository.UserRepository - Error registering user: Table 'revpay_db.users' doesn't exist
2026-02-06 10:01:53 [main] INFO  com.revpay.repository.DBConnection - Database connected successfully.
2026-02-06 10:01:53 [main] ERROR com.revpay.repository.UserRepository - Error finding user by identifier: Table 'revpay_db.users' doesn't exist
2026-02-06 10:19:42 [main] INFO  com.revpay.repository.DBConnection - Database connected successfully.
2026-02-06 10:20:45 [main] INFO  com.revpay.repository.DBConnection - Database connected successfully.
2026-02-06 10:20:45 [main] INFO  com.revpay.repository.DBConnection - Database connected successfully.
2026-02-06 10:20:45 [main] INFO  com.revpay.repository.DBConnection - Database connected successfully.
2026-02-06 10:20:45 [main] INFO  com.revpay.repository.DBConnection - Database connected successfully.
2026-02-06 10:20:45 [main] INFO  com.revpay.repository.UserRepository - User registered successfully: saikumarpatil31@gmail.com
2026-02-06 10:20:45 [main] INFO  com.revpay.repository.DBConnection - Database connected successfully.
2026-02-06 10:20:45 [main] INFO  com.revpay.repository.DBConnection - Database connected successfully.
2026-02-06 10:20:45 [main] INFO  com.revpay.repository.WalletRepository - Wallet created for user ID: 1
2026-02-06 10:21:05 [main] INFO  com.revpay.repository.DBConnection - Database connected successfully.
2026-02-06 10:21:05 [main] INFO  com.revpay.service.AuthService - User logged in: saikumarpatil31@gmail.com
2026-02-06 10:21:31 [main] INFO  com.revpay.repository.DBConnection - Database connected successfully.
2026-02-06 10:21:37 [main] INFO  com.revpay.repository.DBConnection - Database connected successfully.
2026-02-06 10:21:37 [main] INFO  com.revpay.repository.DBConnection - Database connected successfully.
2026-02-06 10:21:50 [main] INFO  com.revpay.repository.DBConnection - Database connected successfully.
2026-02-06 10:42:19 [com.revpay.main.RevPayApp.main()] INFO  com.revpay.repository.DBConnection - Database connected successfully.
2026-02-06 10:42:19 [com.revpay.main.RevPayApp.main()] INFO  com.revpay.repository.DBConnection - Database connected successfully.
2026-02-06 10:42:19 [com.revpay.main.RevPayApp.main()] INFO  com.revpay.repository.DBConnection - Database connected successfully.
2026-02-06 10:42:20 [com.revpay.main.RevPayApp.main()] INFO  com.revpay.repository.DBConnection - Database connected successfully.
2026-02-06 10:42:20 [com.revpay.main.RevPayApp.main()] INFO  com.revpay.repository.UserRepository - User registered successfully: john@example.com
2026-02-06 10:42:20 [com.revpay.main.RevPayApp.main()] INFO  com.revpay.repository.DBConnection - Database connected successfully.
2026-02-06 10:42:20 [com.revpay.main.RevPayApp.main()] INFO  com.revpay.repository.DBConnection - Database connected successfully.
2026-02-06 10:42:20 [com.revpay.main.RevPayApp.main()] INFO  com.revpay.repository.WalletRepository - Wallet created for user ID: 2
2026-02-06 10:46:38 [com.revpay.main.RevPayApp.main()] INFO  com.revpay.repository.DBConnection - Database connected successfully.
2026-02-06 10:46:38 [com.revpay.main.RevPayApp.main()] INFO  com.revpay.service.AuthService - User logged in: saikumarpatil31@gmail.com
2026-02-06 10:46:45 [com.revpay.main.RevPayApp.main()] INFO  com.revpay.repository.DBConnection - Database connected successfully.
2026-02-06 10:47:03 [com.revpay.main.RevPayApp.main()] INFO  com.revpay.repository.DBConnection - Database connected successfully.
2026-02-06 10:47:45 [com.revpay.main.RevPayApp.main()] INFO  com.revpay.repository.DBConnection - Database connected successfully.
2026-02-06 10:47:45 [com.revpay.main.RevPayApp.main()] WARN  com.revpay.service.TransactionService - Receiver not found: back
2026-02-06 10:47:52 [com.revpay.main.RevPayApp.main()] INFO  com.revpay.repository.DBConnection - Database connected successfully.
2026-02-06 10:48:03 [com.revpay.main.RevPayApp.main()] INFO  com.revpay.repository.DBConnection - Database connected successfully.
2026-02-06 10:48:03 [com.revpay.main.RevPayApp.main()] INFO  com.revpay.repository.DBConnection - Database connected successfully.
2026-02-06 11:07:20 [com.revpay.main.RevPayApp.main()] INFO  com.revpay.repository.DBConnection - Database connected successfully.
2026-02-06 11:07:20 [com.revpay.main.RevPayApp.main()] INFO  com.revpay.repository.DBConnection - Database connected successfully.
2026-02-06 11:07:20 [com.revpay.main.RevPayApp.main()] INFO  com.revpay.repository.DBConnection - Database connected successfully.
2026-02-06 11:07:21 [com.revpay.main.RevPayApp.main()] INFO  com.revpay.repository.DBConnection - Database connected successfully.
2026-02-06 11:07:21 [com.revpay.main.RevPayApp.main()] INFO  com.revpay.repository.UserRepository - User registered successfully: sakthivel17@gmail.com
2026-02-06 11:07:21 [com.revpay.main.RevPayApp.main()] INFO  com.revpay.repository.DBConnection - Database connected successfully.
2026-02-06 11:07:21 [com.revpay.main.RevPayApp.main()] INFO  com.revpay.repository.DBConnection - Database connected successfully.
2026-02-06 11:07:21 [com.revpay.main.RevPayApp.main()] INFO  com.revpay.repository.WalletRepository - Wallet created for user ID: 3
2026-02-06 11:07:21 [com.revpay.main.RevPayApp.main()] INFO  com.revpay.repository.DBConnection - Database connected successfully.
2026-02-06 11:07:21 [com.revpay.main.RevPayApp.main()] INFO  com.revpay.repository.BusinessRepository - Business details created for user ID: 3
2026-02-06 11:07:49 [com.revpay.main.RevPayApp.main()] INFO  com.revpay.repository.DBConnection - Database connected successfully.
2026-02-06 11:07:50 [com.revpay.main.RevPayApp.main()] INFO  com.revpay.service.AuthService - User logged in: sakthivel17@gmail.com
2026-02-06 11:08:03 [com.revpay.main.RevPayApp.main()] INFO  com.revpay.repository.DBConnection - Database connected successfully.
2026-02-06 11:08:03 [com.revpay.main.RevPayApp.main()] INFO  com.revpay.repository.DBConnection - Database connected successfully.
2026-02-06 14:42:16 [com.revpay.main.RevPayApp.main()] INFO  com.revpay.repository.DBConnection - Database connected successfully.
2026-02-06 14:42:17 [com.revpay.main.RevPayApp.main()] INFO  com.revpay.service.AuthService - User logged in: saikumarpatil31@gmail.com
2026-02-06 14:42:29 [com.revpay.main.RevPayApp.main()] INFO  com.revpay.repository.DBConnection - Database connected successfully.
2026-02-06 14:42:29 [com.revpay.main.RevPayApp.main()] INFO  com.revpay.repository.DBConnection - Database connected successfully.
2026-02-06 16:17:30 [com.revpay.main.RevPayApp.main()] INFO  com.revpay.repository.DBConnection - Database connected successfully.
2026-02-06 16:17:30 [com.revpay.main.RevPayApp.main()] INFO  com.revpay.service.AuthService - User logged in: sakthivel17@gmail.com
2026-02-06 16:17:41 [com.revpay.main.RevPayApp.main()] INFO  com.revpay.repository.DBConnection - Database connected successfully.
2026-02-06 16:17:41 [com.revpay.main.RevPayApp.main()] INFO  com.revpay.repository.DBConnection - Database connected successfully.
2026-02-06 16:18:40 [com.revpay.main.RevPayApp.main()] INFO  com.revpay.config.DatabaseConfig - Database connected successfully.
2026-02-06 16:18:40 [com.revpay.main.RevPayApp.main()] INFO  com.revpay.repository.LoanRepository - Loan application created for user ID: 3
2026-02-06 16:18:40 [com.revpay.main.RevPayApp.main()] INFO  com.revpay.service.LoanService - Loan application submitted for user 3 amount: 400000.0
2026-02-06 16:18:40 [com.revpay.main.RevPayApp.main()] INFO  com.revpay.repository.DBConnection - Database connected successfully.
2026-02-06 16:18:40 [com.revpay.main.RevPayApp.main()] ERROR com.revpay.repository.NotificationRepository - Error creating notification: Check constraint 'notifications_chk_1' is violated.
2026-02-06 16:19:01 [com.revpay.main.RevPayApp.main()] INFO  com.revpay.repository.DBConnection - Database connected successfully.
2026-02-06 16:19:01 [com.revpay.main.RevPayApp.main()] INFO  com.revpay.repository.DBConnection - Database connected successfully.
2026-02-06 18:29:28 [com.revpay.main.RevPayApp.main()] INFO  com.revpay.repository.DBConnection - Database connected successfully.
2026-02-06 18:30:25 [com.revpay.main.RevPayApp.main()] INFO  com.revpay.repository.DBConnection - Database connected successfully.
2026-02-06 18:30:49 [com.revpay.main.RevPayApp.main()] INFO  com.revpay.repository.DBConnection - Database connected successfully.
2026-02-07 13:24:21 [main] INFO  com.revpay.repository.DBConnection - Database connected successfully.
2026-02-07 13:24:22 [main] INFO  com.revpay.service.AuthService - User logged in: saikumarpatil31@gmail.com
2026-02-07 13:24:58 [main] INFO  com.revpay.repository.DBConnection - Database connected successfully.
2026-02-07 13:24:59 [main] INFO  com.revpay.service.AuthService - User logged in: sakthivel17@gmail.com
2026-02-07 13:25:39 [main] INFO  com.revpay.config.DatabaseConfig - Database connected successfully.
2026-02-07 13:25:39 [main] INFO  com.revpay.repository.LoanRepository - Loan application created for user ID: 3
2026-02-07 13:25:39 [main] INFO  com.revpay.service.LoanService - Loan application submitted for user 3 amount: 200000.0
2026-02-07 13:25:39 [main] INFO  com.revpay.repository.DBConnection - Database connected successfully.
2026-02-07 13:25:39 [main] ERROR com.revpay.repository.NotificationRepository - Error creating notification: Check constraint 'notifications_chk_1' is violated.
2026-02-07 13:25:52 [main] INFO  com.revpay.repository.DBConnection - Database connected successfully.
2026-02-07 13:26:08 [main] INFO  com.revpay.repository.DBConnection - Database connected successfully.
2026-02-07 13:26:17 [main] INFO  com.revpay.repository.DBConnection - Database connected successfully.
2026-02-07 13:26:26 [main] INFO  com.revpay.repository.DBConnection - Database connected successfully.
2026-02-07 13:26:26 [main] INFO  com.revpay.repository.DBConnection - Database connected successfully.
2026-02-07 13:27:39 [main] INFO  com.revpay.repository.DBConnection - Database connected successfully.
2026-02-07 13:27:39 [main] WARN  com.revpay.service.TransactionService - Receiver not found: 8300019218
2026-02-07 13:28:17 [main] INFO  com.revpay.repository.DBConnection - Database connected successfully.
2026-02-07 13:28:17 [main] INFO  com.revpay.repository.DBConnection - Database connected successfully.
2026-02-07 13:28:17 [main] INFO  com.revpay.repository.DBConnection - Database connected successfully.
2026-02-07 13:28:17 [main] INFO  com.revpay.repository.DBConnection - Database connected successfully.
2026-02-07 13:28:17 [main] INFO  com.revpay.service.TransactionService - Transfer successful: 10000.0 from 3 to 1
2026-02-07 13:28:17 [main] ERROR com.revpay.service.TransactionService - Error closing connection: No operations allowed after connection closed.
2026-02-07 13:28:17 [main] INFO  com.revpay.repository.DBConnection - Database connected successfully.
2026-02-07 13:28:37 [main] INFO  com.revpay.repository.DBConnection - Database connected successfully.
2026-02-07 13:58:51 [main] INFO  com.revpay.repository.DBConnection - Database connected successfully.
2026-02-07 13:59:16 [main] INFO  com.revpay.repository.DBConnection - Database connected successfully.
2026-02-07 13:59:16 [main] INFO  com.revpay.service.AuthService - User logged in: saikumarpatil31@gmail.com
2026-02-28 11:07:19 [main] ERROR com.revpay.repository.DBConnection - Database connection failed: Access denied for user 'root'@'localhost' (using password: YES)
2026-02-28 11:32:39 [main] ERROR com.revpay.repository.DBConnection - Database connection failed: Access denied for user 'root'@'localhost' (using password: YES)
2026-02-28 11:33:06 [main] ERROR com.revpay.repository.DBConnection - Database connection failed: Access denied for user 'root'@'localhost' (using password: YES)
2026-02-28 11:33:58 [main] ERROR com.revpay.repository.DBConnection - Database connection failed: Access denied for user 'root'@'localhost' (using password: YES)
2026-02-28 11:36:31 [main] ERROR com.revpay.repository.DBConnection - Database connection failed: Access denied for user 'root'@'localhost' (using password: YES)
2026-02-28 11:40:05 [main] ERROR com.revpay.repository.DBConnection - Database connection failed: Access denied for user 'root'@'localhost' (using password: YES)
2026-02-28 11:42:48 [main] INFO  com.revpay.repository.DBConnection - Database connected successfully.
2026-02-28 11:42:48 [main] INFO  com.revpay.repository.DBConnection - Database connected successfully.
2026-02-28 11:42:48 [main] INFO  com.revpay.repository.DBConnection - Database connected successfully.
2026-02-28 11:42:49 [main] INFO  com.revpay.repository.DBConnection - Database connected successfully.
2026-02-28 11:42:49 [main] INFO  com.revpay.repository.UserRepository - User registered successfully: Tiya@1234
2026-02-28 11:42:49 [main] INFO  com.revpay.repository.DBConnection - Database connected successfully.
2026-02-28 11:42:49 [main] INFO  com.revpay.repository.DBConnection - Database connected successfully.
2026-02-28 11:42:49 [main] INFO  com.revpay.repository.WalletRepository - Wallet created for user ID: 1
2026-02-28 11:43:19 [main] INFO  com.revpay.repository.DBConnection - Database connected successfully.
2026-02-28 11:43:20 [main] INFO  com.revpay.service.AuthService - User logged in: Tiya@1234
2026-02-28 11:43:27 [main] INFO  com.revpay.repository.DBConnection - Database connected successfully.
2026-02-28 11:43:33 [main] INFO  com.revpay.repository.DBConnection - Database connected successfully.
2026-02-28 11:43:33 [main] INFO  com.revpay.repository.DBConnection - Database connected successfully.
2026-02-28 11:43:41 [main] INFO  com.revpay.repository.DBConnection - Database connected successfully.
2026-02-28 11:43:58 [main] INFO  com.revpay.repository.DBConnection - Database connected successfully.
2026-02-28 11:43:58 [main] INFO  com.revpay.repository.DBConnection - Database connected successfully.
2026-02-28 11:43:58 [main] ERROR com.revpay.repository.PaymentMethodRepository - Error adding payment method: Check constraint 'payment_methods_chk_1' is violated.
2026-02-28 11:44:09 [main] INFO  com.revpay.repository.DBConnection - Database connected successfully.
2026-02-28 11:44:09 [main] INFO  com.revpay.repository.DBConnection - Database connected successfully.
2026-02-28 11:45:11 [main] INFO  com.revpay.repository.DBConnection - Database connected successfully.
2026-02-28 11:45:11 [main] INFO  com.revpay.repository.DBConnection - Database connected successfully.
2026-02-28 11:45:11 [main] INFO  com.revpay.repository.DBConnection - Database connected successfully.
2026-02-28 11:45:12 [main] INFO  com.revpay.repository.DBConnection - Database connected successfully.
2026-02-28 11:45:12 [main] INFO  com.revpay.repository.UserRepository - User registered successfully: Tea@123445
2026-02-28 11:45:12 [main] INFO  com.revpay.repository.DBConnection - Database connected successfully.
2026-02-28 11:45:12 [main] INFO  com.revpay.repository.DBConnection - Database connected successfully.
2026-02-28 11:45:12 [main] INFO  com.revpay.repository.WalletRepository - Wallet created for user ID: 2
2026-02-28 11:45:12 [main] INFO  com.revpay.repository.DBConnection - Database connected successfully.
2026-02-28 11:45:12 [main] INFO  com.revpay.repository.BusinessRepository - Business details created for user ID: 2
2026-02-28 11:45:33 [main] INFO  com.revpay.repository.DBConnection - Database connected successfully.
2026-02-28 11:45:34 [main] INFO  com.revpay.service.AuthService - User logged in: Tea@123445
2026-02-28 12:06:05 [main] INFO  com.revpay.repository.DBConnection - Database connected successfully.
2026-02-28 12:06:05 [main] INFO  com.revpay.repository.DBConnection - Database connected successfully.
2026-02-28 12:06:05 [main] INFO  com.revpay.repository.DBConnection - Database connected successfully.
2026-02-28 12:06:06 [main] INFO  com.revpay.repository.DBConnection - Database connected successfully.
2026-02-28 12:06:06 [main] INFO  com.revpay.repository.UserRepository - User registered successfully: Hello@gmail.com
2026-02-28 12:06:06 [main] INFO  com.revpay.repository.DBConnection - Database connected successfully.
2026-02-28 12:06:06 [main] INFO  com.revpay.repository.DBConnection - Database connected successfully.
2026-02-28 12:06:06 [main] INFO  com.revpay.repository.WalletRepository - Wallet created for user ID: 3
2026-02-28 12:33:31 [main] INFO  com.revpay.repository.DBConnection - Database connected successfully.
2026-02-28 12:33:31 [main] INFO  com.revpay.repository.DBConnection - Database connected successfully.
2026-02-28 12:33:31 [main] INFO  com.revpay.repository.DBConnection - Database connected successfully.
2026-02-28 12:33:31 [main] INFO  com.revpay.repository.DBConnection - Database connected successfully.
2026-02-28 12:33:31 [main] ERROR com.revpay.repository.UserRepository - Error registering user: Field 'security_answer' doesn't have a default value
2026-02-28 12:34:01 [main] INFO  com.revpay.repository.DBConnection - Database connected successfully.
2026-02-28 12:34:01 [main] INFO  com.revpay.repository.DBConnection - Database connected successfully.
2026-02-28 12:34:01 [main] INFO  com.revpay.repository.DBConnection - Database connected successfully.
2026-02-28 12:34:01 [main] WARN  com.revpay.service.AuthService - User already exists (Email/Phone/Username): tiya@123gmail.com
2026-02-28 12:34:30 [main] INFO  com.revpay.repository.DBConnection - Database connected successfully.
2026-02-28 12:34:31 [main] INFO  com.revpay.repository.DBConnection - Database connected successfully.
2026-02-28 12:34:31 [main] INFO  com.revpay.repository.DBConnection - Database connected successfully.
2026-02-28 12:34:31 [main] INFO  com.revpay.repository.DBConnection - Database connected successfully.
2026-02-28 12:34:31 [main] ERROR com.revpay.repository.UserRepository - Error registering user: Field 'security_answer' doesn't have a default value
2026-02-28 12:40:49 [main] INFO  com.revpay.repository.DBConnection - Database connected successfully.
2026-02-28 12:40:49 [main] INFO  com.revpay.repository.DBConnection - Database connected successfully.
2026-02-28 12:40:49 [main] INFO  com.revpay.repository.DBConnection - Database connected successfully.
2026-02-28 12:40:49 [main] INFO  com.revpay.repository.DBConnection - Database connected successfully.
2026-02-28 12:40:49 [main] INFO  com.revpay.repository.UserRepository - User registered successfully: heyy@12345
2026-02-28 12:40:49 [main] INFO  com.revpay.repository.DBConnection - Database connected successfully.
2026-02-28 12:40:49 [main] INFO  com.revpay.repository.DBConnection - Database connected successfully.
2026-02-28 12:40:49 [main] INFO  com.revpay.repository.WalletRepository - Wallet created for user ID: 4
2026-02-28 12:41:07 [main] INFO  com.revpay.repository.DBConnection - Database connected successfully.
2026-02-28 12:41:07 [main] INFO  com.revpay.service.AuthService - User logged in: heyy@12345
2026-02-28 12:41:12 [main] INFO  com.revpay.repository.DBConnection - Database connected successfully.
2026-02-28 12:41:59 [main] INFO  com.revpay.repository.DBConnection - Database connected successfully.
2026-02-28 12:42:00 [main] INFO  com.revpay.repository.DBConnection - Database connected successfully.
2026-02-28 12:42:00 [main] INFO  com.revpay.repository.UserRepository - Password updated for user ID: 4
2026-02-28 12:42:00 [main] INFO  com.revpay.service.AuthService - Password changed successfully for user: heyy@12345
2026-02-28 12:42:03 [main] INFO  com.revpay.repository.DBConnection - Database connected successfully.
2026-02-28 12:42:03 [main] INFO  com.revpay.repository.DBConnection - Database connected successfully.
2026-02-28 12:42:11 [main] INFO  com.revpay.repository.DBConnection - Database connected successfully.
2026-02-28 12:42:14 [main] INFO  com.revpay.repository.DBConnection - Database connected successfully.
2026-02-28 12:42:14 [main] INFO  com.revpay.repository.DBConnection - Database connected successfully.
2026-02-28 12:42:20 [main] INFO  com.revpay.repository.DBConnection - Database connected successfully.
2026-02-28 12:42:34 [main] INFO  com.revpay.repository.DBConnection - Database connected successfully.
2026-02-28 12:42:34 [main] INFO  com.revpay.repository.DBConnection - Database connected successfully.
2026-02-28 12:42:40 [main] INFO  com.revpay.repository.DBConnection - Database connected successfully.
2026-02-28 12:43:29 [main] INFO  com.revpay.repository.DBConnection - Database connected successfully.
2026-02-28 12:43:29 [main] INFO  com.revpay.repository.DBConnection - Database connected successfully.
2026-02-28 12:43:29 [main] INFO  com.revpay.repository.UserRepository - Password updated for user ID: 4
2026-02-28 12:43:29 [main] INFO  com.revpay.repository.DBConnection - Database connected successfully.
2026-02-28 12:43:29 [main] INFO  com.revpay.service.AuthService - Password reset successful for user: heyy@12345
2026-02-28 12:52:13 [main] INFO  com.revpay.repository.DBConnection - Database connected successfully.
2026-02-28 12:52:13 [main] INFO  com.revpay.repository.DBConnection - Database connected successfully.
2026-02-28 12:52:13 [main] INFO  com.revpay.repository.DBConnection - Database connected successfully.
2026-02-28 12:52:13 [main] INFO  com.revpay.repository.DBConnection - Database connected successfully.
2026-02-28 12:52:13 [main] INFO  com.revpay.repository.UserRepository - User registered successfully: sakshi@gmail.com
2026-02-28 12:52:13 [main] INFO  com.revpay.repository.DBConnection - Database connected successfully.
2026-02-28 12:52:13 [main] INFO  com.revpay.repository.DBConnection - Database connected successfully.
2026-02-28 12:52:13 [main] INFO  com.revpay.repository.WalletRepository - Wallet created for user ID: 5
2026-02-28 12:53:53 [main] INFO  com.revpay.repository.DBConnection - Database connected successfully.
2026-02-28 12:53:53 [main] INFO  com.revpay.repository.DBConnection - Database connected successfully.
2026-02-28 12:53:53 [main] INFO  com.revpay.repository.DBConnection - Database connected successfully.
2026-02-28 12:53:54 [main] INFO  com.revpay.repository.DBConnection - Database connected successfully.
2026-02-28 12:53:54 [main] INFO  com.revpay.repository.UserRepository - User registered successfully: shanya1@gmail.com
2026-02-28 12:53:54 [main] INFO  com.revpay.repository.DBConnection - Database connected successfully.
2026-02-28 12:53:54 [main] INFO  com.revpay.repository.DBConnection - Database connected successfully.
2026-02-28 12:53:54 [main] INFO  com.revpay.repository.WalletRepository - Wallet created for user ID: 6
2026-02-28 12:54:09 [main] INFO  com.revpay.repository.DBConnection - Database connected successfully.
2026-02-28 12:54:09 [main] INFO  com.revpay.service.AuthService - User logged in: sakshi@gmail.com
2026-02-28 12:54:11 [main] INFO  com.revpay.repository.DBConnection - Database connected successfully.
2026-02-28 12:54:15 [main] INFO  com.revpay.repository.DBConnection - Database connected successfully.
2026-02-28 12:54:16 [main] INFO  com.revpay.repository.DBConnection - Database connected successfully.
2026-02-28 12:54:35 [main] INFO  com.revpay.repository.DBConnection - Database connected successfully.
2026-02-28 12:54:35 [main] INFO  com.revpay.repository.DBConnection - Database connected successfully.
2026-02-28 12:54:35 [main] INFO  com.revpay.repository.DBConnection - Database connected successfully.
2026-02-28 12:54:35 [main] INFO  com.revpay.repository.DBConnection - Database connected successfully.
2026-02-28 12:54:35 [main] INFO  com.revpay.repository.DBConnection - Database connected successfully.
2026-02-28 12:54:35 [main] INFO  com.revpay.service.TransactionService - Transfer successful: 200.0 from 5 to 6
2026-02-28 12:54:35 [main] ERROR com.revpay.service.TransactionService - Error closing connection: No operations allowed after connection closed.
2026-02-28 12:54:35 [main] INFO  com.revpay.repository.DBConnection - Database connected successfully.
2026-02-28 12:54:40 [main] INFO  com.revpay.repository.DBConnection - Database connected successfully.
2026-02-28 12:54:53 [main] INFO  com.revpay.repository.DBConnection - Database connected successfully.
2026-02-28 12:54:53 [main] INFO  com.revpay.repository.DBConnection - Database connected successfully.
2026-02-28 12:55:18 [main] INFO  com.revpay.repository.DBConnection - Database connected successfully.
2026-02-28 12:55:18 [main] INFO  com.revpay.repository.DBConnection - Database connected successfully.
2026-02-28 12:55:18 [main] INFO  com.revpay.repository.MoneyRequestRepository - Money request created from 5 to 6
2026-02-28 12:55:18 [main] INFO  com.revpay.repository.DBConnection - Database connected successfully.
2026-02-28 12:55:20 [main] INFO  com.revpay.repository.DBConnection - Database connected successfully.
2026-02-28 12:55:49 [main] INFO  com.revpay.repository.DBConnection - Database connected successfully.
2026-02-28 12:55:49 [main] INFO  com.revpay.service.AuthService - User logged in: shanya1@gmail.com
2026-02-28 12:55:56 [main] INFO  com.revpay.repository.DBConnection - Database connected successfully.
2026-02-28 12:56:04 [main] INFO  com.revpay.repository.DBConnection - Database connected successfully.
2026-02-28 12:56:04 [main] INFO  com.revpay.repository.DBConnection - Database connected successfully.
2026-02-28 12:56:04 [main] INFO  com.revpay.repository.DBConnection - Database connected successfully.
2026-02-28 12:56:08 [main] INFO  com.revpay.repository.DBConnection - Database connected successfully.
2026-02-28 12:56:16 [main] INFO  com.revpay.repository.DBConnection - Database connected successfully.
2026-02-28 12:56:30 [main] INFO  com.revpay.repository.DBConnection - Database connected successfully.
2026-02-28 12:56:30 [main] INFO  com.revpay.service.AuthService - User logged in: sakshi@gmail.com
2026-02-28 12:56:36 [main] INFO  com.revpay.repository.DBConnection - Database connected successfully.
2026-02-28 12:56:40 [main] INFO  com.revpay.repository.DBConnection - Database connected successfully.
2026-02-28 12:56:40 [main] INFO  com.revpay.repository.DBConnection - Database connected successfully.
2026-02-28 12:57:04 [main] INFO  com.revpay.repository.DBConnection - Database connected successfully.
2026-02-28 12:57:05 [main] INFO  com.revpay.repository.DBConnection - Database connected successfully.
2026-02-28 12:57:05 [main] INFO  com.revpay.repository.MoneyRequestRepository - Money request created from 5 to 6
2026-02-28 12:57:05 [main] INFO  com.revpay.repository.DBConnection - Database connected successfully.
2026-02-28 12:57:33 [main] INFO  com.revpay.repository.DBConnection - Database connected successfully.
2026-02-28 12:57:58 [main] INFO  com.revpay.repository.DBConnection - Database connected successfully.
2026-02-28 12:57:58 [main] INFO  com.revpay.repository.DBConnection - Database connected successfully.
2026-02-28 12:57:58 [main] INFO  com.revpay.repository.DBConnection - Database connected successfully.
2026-02-28 12:57:59 [main] INFO  com.revpay.repository.DBConnection - Database connected successfully.
2026-02-28 12:57:59 [main] INFO  com.revpay.repository.UserRepository - User registered successfully: 34324
2026-02-28 12:57:59 [main] INFO  com.revpay.repository.DBConnection - Database connected successfully.
2026-02-28 12:57:59 [main] INFO  com.revpay.repository.DBConnection - Database connected successfully.
2026-02-28 12:57:59 [main] INFO  com.revpay.repository.WalletRepository - Wallet created for user ID: 7
2026-02-28 12:58:15 [main] INFO  com.revpay.repository.DBConnection - Database connected successfully.
2026-02-28 12:58:57 [main] INFO  com.revpay.repository.DBConnection - Database connected successfully.
2026-02-28 12:58:57 [main] INFO  com.revpay.repository.DBConnection - Database connected successfully.
2026-02-28 12:59:48 [main] INFO  com.revpay.repository.DBConnection - Database connected successfully.
2026-02-28 12:59:48 [main] INFO  com.revpay.repository.DBConnection - Database connected successfully.
2026-02-28 12:59:48 [main] INFO  com.revpay.service.AuthService - User logged in: shanya1@gmail.com
2026-02-28 12:59:55 [main] INFO  com.revpay.repository.DBConnection - Database connected successfully.
2026-02-28 12:59:58 [main] INFO  com.revpay.repository.DBConnection - Database connected successfully.
2026-02-28 12:59:58 [main] INFO  com.revpay.repository.DBConnection - Database connected successfully.
2026-02-28 12:59:58 [main] INFO  com.revpay.repository.DBConnection - Database connected successfully.
2026-02-28 12:59:58 [main] INFO  com.revpay.repository.DBConnection - Database connected successfully.
2026-02-28 12:59:58 [main] INFO  com.revpay.repository.DBConnection - Database connected successfully.
2026-02-28 12:59:58 [main] INFO  com.revpay.repository.DBConnection - Database connected successfully.
2026-02-28 12:59:58 [main] INFO  com.revpay.repository.DBConnection - Database connected successfully.
2026-02-28 12:59:58 [main] INFO  com.revpay.service.TransactionService - Transfer successful: 100.0 from 6 to 5
2026-02-28 12:59:58 [main] ERROR com.revpay.service.TransactionService - Error closing connection: No operations allowed after connection closed.
2026-02-28 12:59:58 [main] INFO  com.revpay.repository.DBConnection - Database connected successfully.
2026-02-28 12:59:58 [main] INFO  com.revpay.repository.DBConnection - Database connected successfully.
2026-02-28 13:00:05 [main] INFO  com.revpay.repository.DBConnection - Database connected successfully.
2026-02-28 13:00:11 [main] INFO  com.revpay.repository.DBConnection - Database connected successfully.
2026-02-28 14:16:48 [main] INFO  com.revpay.repository.DBConnection - Database connected successfully.
2026-02-28 14:16:48 [main] INFO  com.revpay.repository.DBConnection - Database connected successfully.
2026-02-28 14:16:48 [main] INFO  com.revpay.repository.DBConnection - Database connected successfully.
2026-02-28 14:16:49 [main] INFO  com.revpay.repository.DBConnection - Database connected successfully.
2026-02-28 14:16:49 [main] INFO  com.revpay.repository.UserRepository - User registered successfully: teaa@gmail.com
2026-02-28 14:16:49 [main] INFO  com.revpay.repository.DBConnection - Database connected successfully.
2026-02-28 14:16:49 [main] INFO  com.revpay.repository.DBConnection - Database connected successfully.
2026-02-28 14:16:49 [main] INFO  com.revpay.repository.WalletRepository - Wallet created for user ID: 8
2026-02-28 14:16:49 [main] INFO  com.revpay.repository.DBConnection - Database connected successfully.
2026-02-28 14:16:49 [main] INFO  com.revpay.repository.BusinessRepository - Business details created for user ID: 8
2026-02-28 14:17:06 [main] INFO  com.revpay.repository.DBConnection - Database connected successfully.
2026-02-28 14:17:07 [main] INFO  com.revpay.service.AuthService - User logged in: teaa@gmail.com
2026-02-28 14:17:33 [main] INFO  com.revpay.repository.DBConnection - Database connected successfully.
2026-02-28 14:17:33 [main] INFO  com.revpay.repository.DBConnection - Database connected successfully.
2026-02-28 14:17:33 [main] INFO  com.revpay.repository.InvoiceRepository - Invoice created for business ID: 2
2026-02-28 14:17:33 [main] INFO  com.revpay.service.BusinessService - Invoice created for business ID: 2, Amount: 50.0
2026-02-28 14:17:39 [main] INFO  com.revpay.repository.DBConnection - Database connected successfully.
2026-02-28 14:17:39 [main] INFO  com.revpay.repository.DBConnection - Database connected successfully.
2026-02-28 14:18:03 [main] INFO  com.revpay.config.DatabaseConfig - Database connected successfully.
2026-02-28 14:18:03 [main] INFO  com.revpay.repository.LoanRepository - Loan application created for user ID: 8
2026-02-28 14:18:03 [main] INFO  com.revpay.service.LoanService - Loan application submitted for user 8 amount: 50000.0
2026-02-28 14:18:03 [main] INFO  com.revpay.repository.DBConnection - Database connected successfully.
2026-02-28 14:18:03 [main] ERROR com.revpay.repository.NotificationRepository - Error creating notification: Check constraint 'notifications_chk_1' is violated.
2026-02-28 14:18:28 [main] INFO  com.revpay.repository.DBConnection - Database connected successfully.
2026-02-28 14:18:46 [main] INFO  com.revpay.config.DatabaseConfig - Database connected successfully.
2026-02-28 14:19:09 [main] INFO  com.revpay.config.DatabaseConfig - Database connected successfully.
2026-02-28 14:19:15 [main] INFO  com.revpay.repository.DBConnection - Database connected successfully.
2026-02-28 14:21:42 [main] INFO  com.revpay.repository.DBConnection - Database connected successfully.
2026-02-28 14:21:42 [main] INFO  com.revpay.service.AuthService - User logged in: shanya1@gmail.com
2026-02-28 14:21:45 [main] INFO  com.revpay.repository.DBConnection - Database connected successfully.
2026-02-28 14:21:49 [main] INFO  com.revpay.repository.DBConnection - Database connected successfully.
2026-02-28 14:21:49 [main] INFO  com.revpay.repository.DBConnection - Database connected successfully.
2026-02-28 14:31:38 [main] INFO  com.revpay.repository.DBConnection - Database connected successfully.
2026-02-28 14:31:38 [main] INFO  com.revpay.service.AuthService - User logged in: shanya1@gmail.com
2026-02-28 14:34:12 [main] INFO  com.revpay.repository.DBConnection - Database connected successfully.
2026-02-28 14:34:12 [main] INFO  com.revpay.service.AuthService - User logged in: shanya1@gmail.com
2026-02-28 14:38:17 [main] INFO  com.revpay.service.AuthService - User logged in: shanya1@gmail.com
2026-02-28 14:41:33 [main] INFO  com.revpay.repository.DBConnection - Database connected successfully.
2026-02-28 14:41:33 [main] INFO  com.revpay.repository.DBConnection - Database connected successfully.
2026-02-28 14:41:34 [main] INFO  com.revpay.repository.DBConnection - Database connected successfully.
2026-02-28 14:41:34 [main] INFO  com.revpay.repository.DBConnection - Database connected successfully.
2026-02-28 14:41:34 [main] INFO  com.revpay.repository.UserRepository - User registered successfully: test1772269893291@test.com
2026-02-28 14:41:34 [main] INFO  com.revpay.repository.DBConnection - Database connected successfully.
2026-02-28 14:41:34 [main] INFO  com.revpay.repository.DBConnection - Database connected successfully.
2026-02-28 14:41:34 [main] INFO  com.revpay.repository.WalletRepository - Wallet created for user ID: 9
2026-02-28 14:41:34 [main] INFO  com.revpay.repository.DBConnection - Database connected successfully.
2026-02-28 14:41:35 [main] INFO  com.revpay.service.AuthService - User logged in: test1772269893291@test.com
2026-02-28 15:06:14 [main] INFO  com.revpay.repository.DBConnection - Database connected successfully.
2026-02-28 15:11:53 [main] ERROR com.revpay.repository.DBConnection - Database connection failed: com.mysql.cj.jdbc.Driver
2026-02-28 15:15:18 [main] INFO  com.revpay.repository.DBConnection - Database connected successfully.
2026-02-28 15:15:19 [main] INFO  com.revpay.service.AuthService - User logged in: shanya1@gmail.com
2026-02-28 15:17:05 [main] INFO  com.revpay.repository.DBConnection - Database connected successfully.
2026-02-28 15:17:05 [main] INFO  com.revpay.service.AuthService - User logged in: sakshi@gmail.com
2026-02-28 15:17:09 [main] INFO  com.revpay.repository.DBConnection - Database connected successfully.
2026-02-28 15:17:20 [main] INFO  com.revpay.repository.DBConnection - Database connected successfully.
2026-02-28 15:17:20 [main] INFO  com.revpay.repository.DBConnection - Database connected successfully.
2026-02-28 15:17:23 [main] INFO  com.revpay.repository.DBConnection - Database connected successfully.
2026-02-28 15:17:37 [main] INFO  com.revpay.repository.DBConnection - Database connected successfully.
2026-02-28 15:17:37 [main] INFO  com.revpay.repository.DBConnection - Database connected successfully.
2026-02-28 15:17:37 [main] INFO  com.revpay.repository.DBConnection - Database connected successfully.
2026-02-28 15:17:37 [main] INFO  com.revpay.repository.DBConnection - Database connected successfully.
2026-02-28 15:17:43 [main] INFO  com.revpay.repository.DBConnection - Database connected successfully.
2026-02-28 15:17:43 [main] INFO  com.revpay.repository.DBConnection - Database connected successfully.
2026-02-28 15:17:55 [main] INFO  com.revpay.repository.DBConnection - Database connected successfully.
2026-02-28 15:18:46 [main] INFO  com.revpay.repository.DBConnection - Database connected successfully.
2026-02-28 15:18:46 [main] INFO  com.revpay.repository.DBConnection - Database connected successfully.
2026-02-28 15:18:46 [main] INFO  com.revpay.repository.DBConnection - Database connected successfully.
2026-02-28 15:18:46 [main] INFO  com.revpay.repository.DBConnection - Database connected successfully.
2026-02-28 15:18:46 [main] INFO  com.revpay.repository.DBConnection - Database connected successfully.
2026-02-28 15:18:46 [main] INFO  com.revpay.service.TransactionService - Transfer successful: 200.0 from 5 to 6
2026-02-28 15:18:46 [main] ERROR com.revpay.service.TransactionService - Error closing connection: No operations allowed after connection closed.
2026-02-28 15:18:46 [main] INFO  com.revpay.repository.DBConnection - Database connected successfully.
2026-02-28 15:19:07 [main] INFO  com.revpay.repository.DBConnection - Database connected successfully.
2026-02-28 15:19:23 [main] INFO  com.revpay.repository.DBConnection - Database connected successfully.
2026-02-28 15:19:23 [main] INFO  com.revpay.service.AuthService - User logged in: shanya1@gmail.com
2026-02-28 15:19:26 [main] INFO  com.revpay.repository.DBConnection - Database connected successfully.
2026-02-28 15:19:30 [main] INFO  com.revpay.repository.DBConnection - Database connected successfully.
2026-02-28 15:19:51 [main] INFO  com.revpay.repository.DBConnection - Database connected successfully.
2026-02-28 15:19:51 [main] INFO  com.revpay.repository.DBConnection - Database connected successfully.
2026-02-28 15:21:36 [main] INFO  com.revpay.repository.DBConnection - Database connected successfully.
2026-02-28 15:21:36 [main] INFO  com.revpay.repository.DBConnection - Database connected successfully.
2026-02-28 15:21:36 [main] INFO  com.revpay.repository.DBConnection - Database connected successfully.
2026-02-28 15:21:37 [main] INFO  com.revpay.repository.DBConnection - Database connected successfully.
2026-02-28 15:21:37 [main] INFO  com.revpay.repository.UserRepository - User registered successfully: coffee@gmail.com
2026-02-28 15:21:37 [main] INFO  com.revpay.repository.DBConnection - Database connected successfully.
2026-02-28 15:21:37 [main] INFO  com.revpay.repository.DBConnection - Database connected successfully.
2026-02-28 15:21:37 [main] INFO  com.revpay.repository.WalletRepository - Wallet created for user ID: 10
2026-02-28 15:21:37 [main] INFO  com.revpay.repository.DBConnection - Database connected successfully.
2026-02-28 15:21:37 [main] INFO  com.revpay.repository.BusinessRepository - Business details created for user ID: 10
2026-02-28 15:21:56 [main] INFO  com.revpay.repository.DBConnection - Database connected successfully.
2026-02-28 15:21:57 [main] INFO  com.revpay.repository.DBConnection - Database connected successfully.
2026-02-28 15:22:49 [main] INFO  com.revpay.repository.DBConnection - Database connected successfully.
2026-02-28 15:22:50 [main] INFO  com.revpay.repository.DBConnection - Database connected successfully.
2026-02-28 15:22:50 [main] INFO  com.revpay.service.AuthService - User logged in: coffee@gmail.com
2026-02-28 15:23:10 [main] INFO  com.revpay.config.DatabaseConfig - Database connected successfully.
2026-02-28 15:23:10 [main] INFO  com.revpay.repository.LoanRepository - Loan application created for user ID: 10
2026-02-28 15:23:10 [main] INFO  com.revpay.service.LoanService - Loan application submitted for user 10 amount: 50000.0
2026-02-28 15:23:10 [main] INFO  com.revpay.repository.DBConnection - Database connected successfully.
2026-02-28 15:23:10 [main] ERROR com.revpay.repository.NotificationRepository - Error creating notification: Check constraint 'notifications_chk_1' is violated.
2026-02-28 15:23:17 [main] INFO  com.revpay.config.DatabaseConfig - Database connected successfully.
2026-02-28 15:23:24 [main] INFO  com.revpay.repository.DBConnection - Database connected successfully.
2026-02-28 15:23:33 [main] INFO  com.revpay.repository.DBConnection - Database connected successfully.
2026-02-28 15:23:33 [main] INFO  com.revpay.repository.DBConnection - Database connected successfully.
2026-02-28 15:23:37 [main] INFO  com.revpay.repository.DBConnection - Database connected successfully.
2026-02-28 15:23:58 [main] INFO  com.revpay.repository.DBConnection - Database connected successfully.
2026-02-28 15:24:06 [main] INFO  com.revpay.repository.DBConnection - Database connected successfully.
2026-02-28 15:24:06 [main] INFO  com.revpay.repository.DBConnection - Database connected successfully.
2026-02-28 15:37:28 [main] INFO  com.revpay.repository.DBConnection - Database connected successfully.
2026-02-28 15:37:28 [main] INFO  com.revpay.repository.DBConnection - Database connected successfully.
2026-02-28 15:37:28 [main] INFO  com.revpay.repository.DBConnection - Database connected successfully.
2026-02-28 15:37:28 [main] INFO  com.revpay.repository.DBConnection - Database connected successfully.
2026-02-28 15:37:28 [main] INFO  com.revpay.repository.UserRepository - User registered successfully: tree@gmail.com
2026-02-28 15:37:28 [main] INFO  com.revpay.repository.DBConnection - Database connected successfully.
2026-02-28 15:37:28 [main] INFO  com.revpay.repository.DBConnection - Database connected successfully.
2026-02-28 15:37:28 [main] INFO  com.revpay.repository.WalletRepository - Wallet created for user ID: 11
2026-02-28 15:37:28 [main] INFO  com.revpay.repository.DBConnection - Database connected successfully.
2026-02-28 15:37:28 [main] INFO  com.revpay.repository.BusinessRepository - Business details created for user ID: 11
2026-02-28 15:38:22 [main] INFO  com.revpay.repository.DBConnection - Database connected successfully.
2026-02-28 15:38:22 [main] INFO  com.revpay.repository.DBConnection - Database connected successfully.
2026-02-28 15:38:22 [main] INFO  com.revpay.repository.DBConnection - Database connected successfully.
2026-02-28 15:38:22 [main] INFO  com.revpay.repository.DBConnection - Database connected successfully.
2026-02-28 15:38:23 [main] INFO  com.revpay.repository.UserRepository - User registered successfully: 6Ttree@gmail.com
2026-02-28 15:38:23 [main] INFO  com.revpay.repository.DBConnection - Database connected successfully.
2026-02-28 15:38:23 [main] INFO  com.revpay.repository.DBConnection - Database connected successfully.
2026-02-28 15:38:23 [main] INFO  com.revpay.repository.WalletRepository - Wallet created for user ID: 12
2026-02-28 15:38:23 [main] INFO  com.revpay.repository.DBConnection - Database connected successfully.
2026-02-28 15:38:23 [main] INFO  com.revpay.repository.BusinessRepository - Business details created for user ID: 12
2026-02-28 15:38:37 [main] INFO  com.revpay.repository.DBConnection - Database connected successfully.
2026-02-28 15:38:38 [main] INFO  com.revpay.service.AuthService - User logged in: 6Ttree@gmail.com
2026-02-28 15:38:41 [main] INFO  com.revpay.repository.DBConnection - Database connected successfully.
2026-02-28 15:38:46 [main] INFO  com.revpay.repository.DBConnection - Database connected successfully.
2026-02-28 15:38:46 [main] INFO  com.revpay.repository.DBConnection - Database connected successfully.
2026-02-28 15:38:51 [main] INFO  com.revpay.repository.DBConnection - Database connected successfully.
2026-02-28 15:39:20 [main] INFO  com.revpay.repository.DBConnection - Database connected successfully.
2026-02-28 15:39:35 [main] INFO  com.revpay.repository.DBConnection - Database connected successfully.
2026-02-28 15:39:52 [main] INFO  com.revpay.repository.DBConnection - Database connected successfully.
2026-02-28 15:39:52 [main] INFO  com.revpay.service.AuthService - User logged in: shanya1@gmail.com
2026-02-28 15:39:55 [main] INFO  com.revpay.repository.DBConnection - Database connected successfully.
2026-02-28 15:47:08 [main] INFO  com.revpay.repository.DBConnection - Database connected successfully.
2026-02-28 15:47:08 [main] INFO  com.revpay.repository.DBConnection - Database connected successfully.
2026-02-28 15:47:08 [main] INFO  com.revpay.repository.DBConnection - Database connected successfully.
2026-02-28 15:47:09 [main] INFO  com.revpay.repository.DBConnection - Database connected successfully.
2026-02-28 15:47:09 [main] INFO  com.revpay.repository.UserRepository - User registered successfully: sdfsdfsd
2026-02-28 15:47:09 [main] INFO  com.revpay.repository.DBConnection - Database connected successfully.
2026-02-28 15:47:09 [main] INFO  com.revpay.repository.DBConnection - Database connected successfully.
2026-02-28 15:47:09 [main] INFO  com.revpay.repository.WalletRepository - Wallet created for user ID: 13
2026-02-28 15:47:09 [main] INFO  com.revpay.repository.DBConnection - Database connected successfully.
2026-02-28 15:47:09 [main] INFO  com.revpay.repository.BusinessRepository - Business details created for user ID: 13
2026-02-28 15:47:25 [main] INFO  com.revpay.repository.DBConnection - Database connected successfully.
2026-02-28 15:47:26 [main] INFO  com.revpay.service.AuthService - User logged in: sdfsdfsd
2026-02-28 15:47:30 [main] INFO  com.revpay.repository.DBConnection - Database connected successfully.
2026-02-28 15:47:33 [main] INFO  com.revpay.repository.DBConnection - Database connected successfully.
2026-02-28 15:47:33 [main] INFO  com.revpay.repository.DBConnection - Database connected successfully.
2026-02-28 15:47:37 [main] INFO  com.revpay.repository.DBConnection - Database connected successfully.
2026-02-28 15:47:54 [main] INFO  com.revpay.repository.DBConnection - Database connected successfully.
2026-02-28 15:48:14 [main] INFO  com.revpay.repository.DBConnection - Database connected successfully.
2026-02-28 15:48:14 [main] INFO  com.revpay.repository.DBConnection - Database connected successfully.
2026-02-28 15:48:14 [main] INFO  com.revpay.repository.DBConnection - Database connected successfully.
2026-02-28 15:48:14 [main] INFO  com.revpay.repository.DBConnection - Database connected successfully.
2026-02-28 15:48:14 [main] WARN  com.revpay.service.WalletService - Low balance alert triggered for user 13. Balance: 250.0
2026-02-28 15:48:14 [main] INFO  com.revpay.repository.DBConnection - Database connected successfully.
2026-02-28 15:48:19 [main] INFO  com.revpay.repository.DBConnection - Database connected successfully.
2026-02-28 17:10:55 [main] INFO  com.revpay.repository.DBConnection - Database connected successfully.
2026-02-28 17:10:55 [main] INFO  com.revpay.repository.DBConnection - Database connected successfully.
2026-02-28 17:10:55 [main] INFO  com.revpay.repository.DBConnection - Database connected successfully.
2026-02-28 17:10:55 [main] INFO  com.revpay.repository.DBConnection - Database connected successfully.
2026-02-28 17:10:56 [main] INFO  com.revpay.repository.UserRepository - User registered successfully: you@12345
2026-02-28 17:10:56 [main] INFO  com.revpay.repository.DBConnection - Database connected successfully.
2026-02-28 17:10:56 [main] INFO  com.revpay.repository.DBConnection - Database connected successfully.
2026-02-28 17:10:56 [main] INFO  com.revpay.repository.WalletRepository - Wallet created for user ID: 14
2026-02-28 17:10:56 [main] INFO  com.revpay.repository.DBConnection - Database connected successfully.
2026-02-28 17:10:56 [main] INFO  com.revpay.repository.BusinessRepository - Business details created for user ID: 14
2026-02-28 17:11:12 [main] INFO  com.revpay.repository.DBConnection - Database connected successfully.
2026-02-28 17:11:13 [main] INFO  com.revpay.service.AuthService - User logged in: you@12345
2026-02-28 17:11:15 [main] INFO  com.revpay.repository.DBConnection - Database connected successfully.
2026-02-28 17:11:19 [main] INFO  com.revpay.repository.DBConnection - Database connected successfully.
2026-02-28 17:11:19 [main] INFO  com.revpay.repository.DBConnection - Database connected successfully.
2026-02-28 17:11:19 [main] ERROR com.revpay.repository.TransactionRepository - Error logging transaction: Check constraint 'transactions_chk_1' is violated.
2026-02-28 17:11:19 [main] INFO  com.revpay.repository.DBConnection - Database connected successfully.
2026-02-28 17:11:32 [main] INFO  com.revpay.repository.DBConnection - Database connected successfully.
2026-02-28 17:15:11 [main] INFO  com.revpay.repository.DBConnection - Database connected successfully.
2026-02-28 17:15:11 [main] INFO  com.revpay.repository.DBConnection - Database connected successfully.
2026-02-28 17:15:11 [main] INFO  com.revpay.repository.DBConnection - Database connected successfully.
2026-02-28 17:15:11 [main] INFO  com.revpay.repository.DBConnection - Database connected successfully.
2026-02-28 17:15:11 [main] INFO  com.revpay.repository.UserRepository - User registered successfully: fhdsdsjh@gmail.com
2026-02-28 17:15:11 [main] INFO  com.revpay.repository.DBConnection - Database connected successfully.
2026-02-28 17:15:11 [main] INFO  com.revpay.repository.DBConnection - Database connected successfully.
2026-02-28 17:15:11 [main] INFO  com.revpay.repository.WalletRepository - Wallet created for user ID: 15
2026-02-28 17:15:11 [main] INFO  com.revpay.repository.DBConnection - Database connected successfully.
2026-02-28 17:15:11 [main] INFO  com.revpay.repository.BusinessRepository - Business details created for user ID: 15
2026-02-28 17:15:55 [main] INFO  com.revpay.repository.DBConnection - Database connected successfully.
2026-02-28 17:15:55 [main] INFO  com.revpay.repository.DBConnection - Database connected successfully.
2026-02-28 17:15:55 [main] INFO  com.revpay.repository.DBConnection - Database connected successfully.
2026-02-28 17:15:56 [main] INFO  com.revpay.repository.DBConnection - Database connected successfully.
2026-02-28 17:15:56 [main] INFO  com.revpay.repository.UserRepository - User registered successfully: dgdgffdg@gmail.com
2026-02-28 17:15:56 [main] INFO  com.revpay.repository.DBConnection - Database connected successfully.
2026-02-28 17:15:56 [main] INFO  com.revpay.repository.DBConnection - Database connected successfully.
2026-02-28 17:15:56 [main] INFO  com.revpay.repository.WalletRepository - Wallet created for user ID: 16
2026-02-28 17:15:56 [main] INFO  com.revpay.repository.DBConnection - Database connected successfully.
2026-02-28 17:15:56 [main] INFO  com.revpay.repository.BusinessRepository - Business details created for user ID: 16
2026-02-28 17:16:22 [main] INFO  com.revpay.repository.DBConnection - Database connected successfully.
2026-02-28 17:16:22 [main] INFO  com.revpay.service.AuthService - User logged in: dgdgffdg@gmail.com
2026-02-28 17:16:24 [main] INFO  com.revpay.repository.DBConnection - Database connected successfully.
2026-02-28 17:16:30 [main] INFO  com.revpay.repository.DBConnection - Database connected successfully.
2026-02-28 17:16:36 [main] INFO  com.revpay.repository.DBConnection - Database connected successfully.
2026-02-28 17:16:36 [main] INFO  com.revpay.repository.DBConnection - Database connected successfully.
2026-02-28 17:16:36 [main] INFO  com.revpay.repository.TransactionRepository - Transaction logged: ADD_MONEY
2026-02-28 17:16:36 [main] INFO  com.revpay.repository.DBConnection - Database connected successfully.
2026-02-28 17:16:42 [main] INFO  com.revpay.repository.DBConnection - Database connected successfully.
2026-02-28 17:17:35 [main] INFO  com.revpay.repository.DBConnection - Database connected successfully.
2026-02-28 17:17:35 [main] INFO  com.revpay.repository.DBConnection - Database connected successfully.
2026-02-28 17:17:35 [main] INFO  com.revpay.repository.MoneyRequestRepository - Money request created from 16 to 15
2026-02-28 17:17:35 [main] INFO  com.revpay.repository.DBConnection - Database connected successfully.
2026-02-28 17:17:39 [main] INFO  com.revpay.repository.DBConnection - Database connected successfully.
2026-02-28 17:17:43 [main] INFO  com.revpay.repository.DBConnection - Database connected successfully.
2026-02-28 17:17:43 [main] INFO  com.revpay.repository.DBConnection - Database connected successfully.
2026-02-28 17:17:54 [main] INFO  com.revpay.repository.DBConnection - Database connected successfully.
2026-02-28 17:18:51 [main] INFO  com.revpay.repository.DBConnection - Database connected successfully.
2026-02-28 17:18:51 [main] INFO  com.revpay.service.AuthService - User logged in: fhdsdsjh@gmail.com
2026-02-28 17:18:54 [main] INFO  com.revpay.repository.DBConnection - Database connected successfully.
2026-02-28 17:18:59 [main] INFO  com.revpay.repository.DBConnection - Database connected successfully.
2026-02-28 17:18:59 [main] INFO  com.revpay.repository.DBConnection - Database connected successfully.
2026-02-28 17:18:59 [main] INFO  com.revpay.repository.TransactionRepository - Transaction logged: ADD_MONEY
2026-02-28 17:18:59 [main] INFO  com.revpay.repository.DBConnection - Database connected successfully.
2026-02-28 17:19:06 [main] INFO  com.revpay.repository.DBConnection - Database connected successfully.
2026-02-28 17:19:15 [main] INFO  com.revpay.repository.DBConnection - Database connected successfully.
2026-02-28 17:19:21 [main] INFO  com.revpay.repository.DBConnection - Database connected successfully.
2026-02-28 17:19:21 [main] INFO  com.revpay.repository.DBConnection - Database connected successfully.
2026-02-28 17:19:28 [main] INFO  com.revpay.repository.DBConnection - Database connected successfully.
2026-02-28 17:19:36 [main] INFO  com.revpay.repository.DBConnection - Database connected successfully.
2026-02-28 17:19:36 [main] INFO  com.revpay.repository.DBConnection - Database connected successfully.
2026-02-28 17:19:36 [main] INFO  com.revpay.repository.DBConnection - Database connected successfully.
2026-02-28 17:19:36 [main] INFO  com.revpay.repository.DBConnection - Database connected successfully.
2026-02-28 17:19:36 [main] INFO  com.revpay.repository.DBConnection - Database connected successfully.
2026-02-28 17:19:36 [main] INFO  com.revpay.repository.DBConnection - Database connected successfully.
2026-02-28 17:19:36 [main] INFO  com.revpay.repository.DBConnection - Database connected successfully.
2026-02-28 17:19:36 [main] INFO  com.revpay.service.TransactionService - Transfer successful: 300.0 from 15 to 16
2026-02-28 17:19:36 [main] ERROR com.revpay.service.TransactionService - Error closing connection: No operations allowed after connection closed.
2026-02-28 17:19:36 [main] INFO  com.revpay.repository.DBConnection - Database connected successfully.
2026-02-28 17:19:36 [main] INFO  com.revpay.repository.DBConnection - Database connected successfully.
2026-02-28 17:19:39 [main] INFO  com.revpay.repository.DBConnection - Database connected successfully.
2026-02-28 17:19:45 [main] INFO  com.revpay.repository.DBConnection - Database connected successfully.
2026-02-28 17:19:45 [main] INFO  com.revpay.repository.DBConnection - Database connected successfully.
2026-02-28 17:19:45 [main] INFO  com.revpay.repository.TransactionRepository - Transaction logged: ADD_MONEY
2026-02-28 17:19:45 [main] INFO  com.revpay.repository.DBConnection - Database connected successfully.
2026-02-28 17:19:47 [main] INFO  com.revpay.repository.DBConnection - Database connected successfully.
